exports[`Rich Text Lists > escapes hyperlink when typing at the end #0`] =
{
  "content": [
    {
      "content": [
        {
          "data": {},
          "marks": [],
          "nodeType": "text",
          "value": ""
        },
        {
          "content": [
            {
              "data": {},
              "marks": [],
              "nodeType": "text",
              "value": "link"
            }
          ],
          "data": {
            "uri": "https://example.com"
          },
          "nodeType": "hyperlink"
        },
        {
          "data": {},
          "marks": [],
          "nodeType": "text",
          "value": "outside the link"
        }
      ],
      "data": {},
      "nodeType": "paragraph"
    }
  ],
  "data": {},
  "nodeType": "document"
};
